THOTCommitmentRegistryTest:test_Admin_HasCensuraRoleAtDeploy() (gas: 16785)
THOTCommitmentRegistryTest:test_AuthorizeIssuer_OnlyGate() (gas: 14801)
THOTCommitmentRegistryTest:test_AuthorizeIssuer_RejectsZero() (gas: 14046)
THOTCommitmentRegistryTest:test_Constructor_RejectsZeroAdmin() (gas: 40115)
THOTCommitmentRegistryTest:test_Constructor_RejectsZeroGate() (gas: 40115)
THOTCommitmentRegistryTest:test_GateCanRevokeIssuer() (gas: 18463)
THOTCommitmentRegistryTest:test_GateRotation_OnlyDefaultAdmin() (gas: 28869)
THOTCommitmentRegistryTest:test_GateRotation_RejectsZero() (gas: 14102)
THOTCommitmentRegistryTest:test_IssueTHOT4096_HappyPath() (gas: 184147)
THOTCommitmentRegistryTest:test_IssueTHOT4096_RejectsDuplicate() (gas: 139202)
THOTCommitmentRegistryTest:test_IssueTHOT4096_RejectsUnauthorized() (gas: 14889)
THOTCommitmentRegistryTest:test_RecordEdge_HappyPath() (gas: 357985)
THOTCommitmentRegistryTest:test_RecordEdge_NoOverwrite() (gas: 378929)
THOTCommitmentRegistryTest:test_RecordEdge_OnlyAuthorizedIssuer() (gas: 266941)
THOTCommitmentRegistryTest:test_RecordEdge_RejectsUnknownFromOrTo() (gas: 145224)
THOTCommitmentRegistryTest:test_RegisterPrefix_HappyPath_THOT1024() (gas: 379915)
THOTCommitmentRegistryTest:test_RegisterPrefix_RejectsBadLeafCount() (gas: 143221)
THOTCommitmentRegistryTest:test_RegisterPrefix_RejectsDuplicate() (gas: 383322)
THOTCommitmentRegistryTest:test_RegisterPrefix_RejectsInvalidDimension() (gas: 140038)
THOTCommitmentRegistryTest:test_RegisterPrefix_RejectsUnknownParent() (gas: 12959)
THOTCommitmentRegistryTest:test_Revoke_HappyPath() (gas: 192532)
THOTCommitmentRegistryTest:test_Revoke_OnlyCensura() (gas: 141788)
THOTCommitmentRegistryTest:test_Revoke_RejectsReissue() (gas: 190631)
THOTCommitmentRegistryTest:test_Revoke_UnknownRoot() (gas: 16909)
THOTCommitmentRegistryTest:test_Unrevoke_HappyPath() (gas: 155899)
THOTLibTest:test_AssertPrefixLeavesLength_InvalidDim() (gas: 3900)
THOTLibTest:test_AssertPrefixLeavesLength_THOT1024() (gas: 3719)
THOTLibTest:test_AssertPrefixLeavesLength_THOT2048() (gas: 4055)
THOTLibTest:test_AssertPrefixLeavesLength_THOT768() (gas: 4798)
THOTLibTest:test_DomainSeparators_MatchSpec() (gas: 293)
THOTLibTest:test_MerkleRoot_AppliesNodePrefix() (gas: 3487)
THOTLibTest:test_MerkleRoot_DifferentLeavesDifferentRoots() (gas: 44016)
THOTLibTest:test_MerkleRoot_EmptyReturnsTombstone() (gas: 699)
THOTLibTest:test_MerkleRoot_PowerOfTwo() (gas: 82261)
THOTLibTest:test_MerkleRoot_TombstonePadding() (gas: 36583)
THOTLibTest:test_Parity_TernaryHeadMatchesPython() (gas: 1792)
THOTLibTest:test_PrefixVerify_RejectsBadLeafCount() (gas: 87029)
THOTLibTest:test_PrefixVerify_RejectsWrongPrefixRoot() (gas: 149360)
THOTLibTest:test_PrefixVerify_SilentSwapImpossible() (gas: 268001)
THOTLibTest:test_PrefixVerify_THOT1024_HappyPath() (gas: 163952)
THOTLibTest:test_PrefixVerify_THOT768_WithCoWitness() (gas: 184780)
THOTLibTest:test_TernaryHead_DifferentInputsDifferentHashes() (gas: 3582)
THOTLibTest:test_TernaryHead_InclusionProof_HappyPath() (gas: 8126)
THOTLibTest:test_TernaryHead_InclusionProof_RejectsWrongLeaf() (gas: 10269)
THOTLibTest:test_TernaryHead_RejectsReservedCodon() (gas: 4443)
THOTLibTest:test_TernaryHead_RejectsReservedCodonAtAnyPosition() (gas: 4706)
iNFT_7857_thot_attach_Test:test_AttachThotRoot_HappyPath() (gas: 460245)
iNFT_7857_thot_attach_Test:test_AttachThotRoot_OnlyMinter() (gas: 433389)
iNFT_7857_thot_attach_Test:test_AttachThotRoot_RejectsUnknownToken() (gas: 194587)
iNFT_7857_thot_attach_Test:test_AttachThotRoot_RejectsZeroRoot() (gas: 263279)
iNFT_7857_thot_attach_Test:test_AttachThotRoot_RevertsOnDoubleAttach() (gas: 463486)
iNFT_7857_thot_attach_Test:test_AttachThotRoot_RevertsOnRevokedRoot() (gas: 487465)
iNFT_7857_thot_attach_Test:test_AttachThotRoot_RevertsOnUnregisteredRoot() (gas: 269208)
iNFT_7857_thot_attach_Test:test_AttachThotRoot_RevertsWhenRegistryUnset() (gas: 264440)
iNFT_7857_thot_attach_Test:test_SetCommitmentRegistry_AdminOnly() (gas: 27527)
iNFT_7857_thot_attach_Test:test_SetCommitmentRegistry_CanDetach() (gas: 16799)
iNFT_7857_thot_attach_Test:test_TransferRejectedAfterRootRevoked() (gas: 525441)
iNFT_7857_thot_attach_Test:test_TransferUnaffectedWhenNoRootAttached() (gas: 314122)